                                   MODFLOW 6
                U.S. GEOLOGICAL SURVEY MODULAR HYDROLOGIC MODEL
                   VERSION 6.3.0 release candidate 02/06/2022
                               ***DEVELOP MODE***

   MODFLOW 6 compiled Feb 06 2022 02:35:51 with Intel(R) Fortran Intel(R) 64
   Compiler Classic for applications running on Intel(R) 64, Version 2021.5.0
                             Build 20211109_000000

This software is preliminary or provisional and is subject to 
revision. It is being provided to meet the need for timely best 
science. The software has not received final approval by the U.S. 
Geological Survey (USGS). No warranty, expressed or implied, is made 
by the USGS or the U.S. Government as to the functionality of the 
software and related material nor shall the fact of release 
constitute any such warranty. The software is provided on the 
condition that neither the USGS nor the U.S. Government shall be held 
liable for any damages resulting from the authorized or unauthorized 
use of the software.


As a work of the United States Government, this USGS product is 
in the public domain within the United States. You can copy, 
modify, distribute, and perform the work, even for commercial 
purposes, all without asking permission. Additionally, USGS 
waives copyright and related rights in the work worldwide 
through CC0 1.0 Universal Public Domain Dedication 
(https://creativecommons.org/publicdomain/zero/1.0/).

The following GNU Lesser General Public License (LGPL) libraries
are used in this USGS product:

    SPARSKIT version 2.0
      ilut, luson, and qsplit 
      (https://www-users.cse.umn.edu/~saad/software/SPARSKIT/)

    RCM - Reverse Cuthill McKee Ordering
      (https://people.math.sc.edu/Burkardt/f_src/rcm/rcm.html)

    BLAS - Basic Linear Algebra Subprograms Level 1
      (https://people.math.sc.edu/Burkardt/f_src/blas1_d/blas1_d.html)

    SPARSEKIT - Sparse Matrix Utility Package
      amux, dperm, dvperm, rperm, and cperm
      (https://people.sc.fsu.edu/~jburkardt/f77_src/sparsekit/sparsekit.html)

The following BSD-3 License libraries are used in this USGS product:

    Modern Fortran DAG Library
      Copyright (c) 2018, Jacob Williams
      All rights reserved.
      (https://github.com/jacobwilliams/daglib)

MODFLOW 6 compiler options: /O2 /heap-arrays:0 /fpe:0 /traceback /nologo /fpp
/c /module:.\mod_temp\ /object:.\obj_temp\

System command used to initiate simulation:
"C:\Users\portega\intera\dev\dizon36\mf6-gw\model\mf6.exe"

MODFLOW was compiled using uniform precision.

Real Variables
  KIND: 8
  TINY (smallest non-zero value):    2.225074-308
  HUGE (largest value):    1.797693+308
  PRECISION: 15
  BIT SIZE: 64

Integer Variables
  KIND: 4
  HUGE (largest value): 2147483647
  BIT SIZE: 32

Long Integer Variables
  KIND: 8
  HUGE (largest value): 9223372036854775807
  BIT SIZE: 64

Logical Variables
  KIND: 4
  BIT SIZE: 32
 

 OPENED mfsim.nam
 FILE TYPE:NAM   UNIT 1001   STATUS:OLD                 
 FORMAT:FORMATTED              ACCESS:SEQUENTIAL          
 ACTION:READ                

 # File generated by Flopy version 3.9.3 on 07/04/2025 at 15:10:04.

 READING SIMULATION OPTIONS
 END OF SIMULATION OPTIONS

 READING SIMULATION TIMING

 OPENED dizon-mf6rtm.tdis
 FILE TYPE:TDIS   UNIT 1002   STATUS:OLD                 
 FORMAT:FORMATTED              ACCESS:SEQUENTIAL          
 ACTION:READ                


 TDIS -- TEMPORAL DISCRETIZATION PACKAGE,
 VERSION 1 : 11/13/2014 - INPUT READ FROM UNIT 1002
 # File generated by Flopy version 3.9.3 on 07/04/2025 at 15:10:04.
 PROCESSING TDIS OPTIONS
    SIMULATION TIME UNIT IS DAYS
 END OF TDIS OPTIONS
 PROCESSING TDIS DIMENSIONS
   39 STRESS PERIOD(S) IN SIMULATION
 END OF TDIS DIMENSIONS
 PROCESSING TDIS PERIODDATA


 STRESS PERIOD     LENGTH       TIME STEPS     MULTIPLIER FOR DELT
 ----------------------------------------------------------------------------
        1         2.000000          2                    1.000
        2         4.000000          4                    1.000
        3         4.000000          4                    1.000
        4         4.000000          4                    1.000
        5         7.000000          7                    1.000
        6         7.000000          7                    1.000
        7         7.000000          7                    1.000
        8         7.000000          7                    1.000
        9         14.00000         14                    1.000
       10         14.00000         14                    1.000
       11         15.00000         15                    1.000
       12         13.00000         13                    1.000
       13         14.00000         14                    1.000
       14         14.00000         14                    1.000
       15         14.00000         14                    1.000
       16         21.00000         21                    1.000
       17         35.00000         35                    1.000
       18         28.00000         28                    1.000
       19         28.00000         28                    1.000
       20         28.00000         28                    1.000
       21         28.00000         28                    1.000
       22         28.00000         28                    1.000
       23         28.00000         28                    1.000
       24         28.00000         28                    1.000
       25         28.00000         28                    1.000
       26         35.00000         35                    1.000
       27         35.00000         35                    1.000
       28         28.00000         28                    1.000
       29         28.00000         28                    1.000
       30         28.00000         28                    1.000
       31         35.00000         35                    1.000
       32         35.00000         35                    1.000
       33         28.00000         28                    1.000
       34         28.00000         28                    1.000
       35         28.00000         28                    1.000
       36         28.00000         28                    1.000
       37         35.00000         35                    1.000
       38         35.00000         35                    1.000
       39         28.00000         28                    1.000
 END OF TDIS PERIODDATA
 END OF SIMULATION TIMING

 READING SIMULATION MODELS
    GWF6 model DIZON-MF6RTM will be created as model 1
 END OF SIMULATION MODELS

 READING SIMULATION EXCHANGES
 END OF SIMULATION EXCHANGES

 READING SOLUTIONGROUP

 Creating solution: SLN_1           

 OPENED dizon-mf6rtm.ims
 FILE TYPE:IMS   UNIT 1011   STATUS:OLD                 
 FORMAT:FORMATTED              ACCESS:SEQUENTIAL          
 ACTION:READ                

 END OF SIMULATION SOLUTIONGROUP

PROCESSING MODEL CONNECTIONS

 IMS -- ITERATIVE MODEL SOLUTION PACKAGE, VERSION 6, 4/28/2017
         INPUT READ FROM UNIT 1011
 # File generated by Flopy version 3.9.3 on 07/04/2025 at 15:10:04.

 PROCESSING IMS OPTIONS
 SIMPLE OPTION:
 DEFAULT SOLVER INPUT VALUES FOR FAST SOLUTIONS
 END OF IMS OPTIONS
 ***UNDER-RELAXATION WILL NOT BE USED***
 
 ***IMS LINEAR SOLVER WILL BE USED***

 IMSLINEAR -- UNSTRUCTURED LINEAR SOLUTION PACKAGE, VERSION 8, 04/28/2017
 
 A symmetric matrix will be solved

 OUTER ITERATION CONVERGENCE CRITERION    (DVCLOSE) =    0.100000E-02
 MAXIMUM NUMBER OF OUTER ITERATIONS        (MXITER) = 25
 SOLVER PRINTOUT INDEX                     (IPRIMS) = 0
 NONLINEAR ITERATION METHOD            (NONLINMETH) = 0
 LINEAR SOLUTION METHOD                   (LINMETH) = 1

       SOLUTION BY THE        CONJUGATE-GRADIENT       METHOD
 ------------------------------------------------------------------
 MAXIMUM OF 25 CALLS OF SOLUTION ROUTINE
 MAXIMUM OF 50 INTERNAL ITERATIONS PER CALL TO SOLUTION ROUTINE
 LINEAR ACCELERATION METHOD            = CG        
 MATRIX PRECONDITIONING TYPE           = INCOMPLETE LU       
 MATRIX SCALING APPROACH               = NO SCALING          
 MATRIX REORDERING APPROACH            = ORIGINAL ORDERING        
 NUMBER OF ORTHOGONALIZATIONS          = 0
 HEAD CHANGE CRITERION FOR CLOSURE     =    0.10000E-02
 RESIDUAL CHANGE CRITERION FOR CLOSURE =    0.10000E+00
 RESIDUAL CONVERGENCE OPTION           = 0
 RESIDUAL CONVERGENCE NORM             = INFINITY NORM   
 RELAXATION FACTOR                     =    0.00000E+00



 
    Solving:  Stress period:     1    Time step:     1
 
1
                            STRESS PERIOD NO. 1, LENGTH =   2.000000    
                            -----------------------------------------------
                            NUMBER OF TIME STEPS = 2
                            MULTIPLIER FOR DELT =     1.000
                            INITIAL TIME STEP SIZE =   1.000000    
 
    Solving:  Stress period:     1    Time step:     2
 
 
    Solving:  Stress period:     2    Time step:     1
 
1
                            STRESS PERIOD NO. 2, LENGTH =   4.000000    
                            -----------------------------------------------
                            NUMBER OF TIME STEPS = 4
                            MULTIPLIER FOR DELT =     1.000
                            INITIAL TIME STEP SIZE =   1.000000    
 
    Solving:  Stress period:     2    Time step:     2
 
 
    Solving:  Stress period:     2    Time step:     3
 
 
    Solving:  Stress period:     2    Time step:     4
 
 
    Solving:  Stress period:     3    Time step:     1
 
1
                            STRESS PERIOD NO. 3, LENGTH =   4.000000    
                            -----------------------------------------------
                            NUMBER OF TIME STEPS = 4
                            MULTIPLIER FOR DELT =     1.000
                            INITIAL TIME STEP SIZE =   1.000000    
 
    Solving:  Stress period:     3    Time step:     2
 
 
    Solving:  Stress period:     3    Time step:     3
 
 
    Solving:  Stress period:     3    Time step:     4
 
 
    Solving:  Stress period:     4    Time step:     1
 
1
                            STRESS PERIOD NO. 4, LENGTH =   4.000000    
                            -----------------------------------------------
                            NUMBER OF TIME STEPS = 4
                            MULTIPLIER FOR DELT =     1.000
                            INITIAL TIME STEP SIZE =   1.000000    
 
    Solving:  Stress period:     4    Time step:     2
 
 
    Solving:  Stress period:     4    Time step:     3
 
 
    Solving:  Stress period:     4    Time step:     4
 
 
    Solving:  Stress period:     5    Time step:     1
 
1
                            STRESS PERIOD NO. 5, LENGTH =   7.000000    
                            -----------------------------------------------
                            NUMBER OF TIME STEPS = 7
                            MULTIPLIER FOR DELT =     1.000
                            INITIAL TIME STEP SIZE =   1.000000    
 
    Solving:  Stress period:     5    Time step:     2
 
 
    Solving:  Stress period:     5    Time step:     3
 
 
    Solving:  Stress period:     5    Time step:     4
 
 
    Solving:  Stress period:     5    Time step:     5
 
 
    Solving:  Stress period:     5    Time step:     6
 
 
    Solving:  Stress period:     5    Time step:     7
 
 
    Solving:  Stress period:     6    Time step:     1
 
1
                            STRESS PERIOD NO. 6, LENGTH =   7.000000    
                            -----------------------------------------------
                            NUMBER OF TIME STEPS = 7
                            MULTIPLIER FOR DELT =     1.000
                            INITIAL TIME STEP SIZE =   1.000000    
 
    Solving:  Stress period:     6    Time step:     2
 
 
    Solving:  Stress period:     6    Time step:     3
 
 
    Solving:  Stress period:     6    Time step:     4
 
 
    Solving:  Stress period:     6    Time step:     5
 
 
    Solving:  Stress period:     6    Time step:     6
 
 
    Solving:  Stress period:     6    Time step:     7
 
 
    Solving:  Stress period:     7    Time step:     1
 
1
                            STRESS PERIOD NO. 7, LENGTH =   7.000000    
                            -----------------------------------------------
                            NUMBER OF TIME STEPS = 7
                            MULTIPLIER FOR DELT =     1.000
                            INITIAL TIME STEP SIZE =   1.000000    
 
    Solving:  Stress period:     7    Time step:     2
 
 
    Solving:  Stress period:     7    Time step:     3
 
 
    Solving:  Stress period:     7    Time step:     4
 
 
    Solving:  Stress period:     7    Time step:     5
 
 
    Solving:  Stress period:     7    Time step:     6
 
 
    Solving:  Stress period:     7    Time step:     7
 
 
    Solving:  Stress period:     8    Time step:     1
 
1
                            STRESS PERIOD NO. 8, LENGTH =   7.000000    
                            -----------------------------------------------
                            NUMBER OF TIME STEPS = 7
                            MULTIPLIER FOR DELT =     1.000
                            INITIAL TIME STEP SIZE =   1.000000    
 
    Solving:  Stress period:     8    Time step:     2
 
 
    Solving:  Stress period:     8    Time step:     3
 
 
    Solving:  Stress period:     8    Time step:     4
 
 
    Solving:  Stress period:     8    Time step:     5
 
 
    Solving:  Stress period:     8    Time step:     6
 
 
    Solving:  Stress period:     8    Time step:     7
 
 
    Solving:  Stress period:     9    Time step:     1
 
1
                            STRESS PERIOD NO. 9, LENGTH =   14.00000    
                            -----------------------------------------------
                            NUMBER OF TIME STEPS = 14
                            MULTIPLIER FOR DELT =     1.000
                            INITIAL TIME STEP SIZE =   1.000000    
 
    Solving:  Stress period:     9    Time step:     2
 
 
    Solving:  Stress period:     9    Time step:     3
 
 
    Solving:  Stress period:     9    Time step:     4
 
 
    Solving:  Stress period:     9    Time step:     5
 
 
    Solving:  Stress period:     9    Time step:     6
 
 
    Solving:  Stress period:     9    Time step:     7
 
 
    Solving:  Stress period:     9    Time step:     8
 
 
    Solving:  Stress period:     9    Time step:     9
 
 
    Solving:  Stress period:     9    Time step:    10
 
 
    Solving:  Stress period:     9    Time step:    11
 
 
    Solving:  Stress period:     9    Time step:    12
 
 
    Solving:  Stress period:     9    Time step:    13
 
 
    Solving:  Stress period:     9    Time step:    14
 
 
    Solving:  Stress period:    10    Time step:     1
 
1
                            STRESS PERIOD NO. 10, LENGTH =   14.00000    
                            -----------------------------------------------
                            NUMBER OF TIME STEPS = 14
                            MULTIPLIER FOR DELT =     1.000
                            INITIAL TIME STEP SIZE =   1.000000    
 
    Solving:  Stress period:    10    Time step:     2
 
 
    Solving:  Stress period:    10    Time step:     3
 
 
    Solving:  Stress period:    10    Time step:     4
 
 
    Solving:  Stress period:    10    Time step:     5
 
 
    Solving:  Stress period:    10    Time step:     6
 
 
    Solving:  Stress period:    10    Time step:     7
 
 
    Solving:  Stress period:    10    Time step:     8
 
 
    Solving:  Stress period:    10    Time step:     9
 
 
    Solving:  Stress period:    10    Time step:    10
 
 
    Solving:  Stress period:    10    Time step:    11
 
 
    Solving:  Stress period:    10    Time step:    12
 
 
    Solving:  Stress period:    10    Time step:    13
 
 
    Solving:  Stress period:    10    Time step:    14
 
 
    Solving:  Stress period:    11    Time step:     1
 
1
                            STRESS PERIOD NO. 11, LENGTH =   15.00000    
                            -----------------------------------------------
                            NUMBER OF TIME STEPS = 15
                            MULTIPLIER FOR DELT =     1.000
                            INITIAL TIME STEP SIZE =   1.000000    
 
    Solving:  Stress period:    11    Time step:     2
 
 
    Solving:  Stress period:    11    Time step:     3
 
 
    Solving:  Stress period:    11    Time step:     4
 
 
    Solving:  Stress period:    11    Time step:     5
 
 
    Solving:  Stress period:    11    Time step:     6
 
 
    Solving:  Stress period:    11    Time step:     7
 
 
    Solving:  Stress period:    11    Time step:     8
 
 
    Solving:  Stress period:    11    Time step:     9
 
 
    Solving:  Stress period:    11    Time step:    10
 
 
    Solving:  Stress period:    11    Time step:    11
 
 
    Solving:  Stress period:    11    Time step:    12
 
 
    Solving:  Stress period:    11    Time step:    13
 
 
    Solving:  Stress period:    11    Time step:    14
 
 
    Solving:  Stress period:    11    Time step:    15
 
 
    Solving:  Stress period:    12    Time step:     1
 
1
                            STRESS PERIOD NO. 12, LENGTH =   13.00000    
                            -----------------------------------------------
                            NUMBER OF TIME STEPS = 13
                            MULTIPLIER FOR DELT =     1.000
                            INITIAL TIME STEP SIZE =   1.000000    
 
    Solving:  Stress period:    12    Time step:     2
 
 
    Solving:  Stress period:    12    Time step:     3
 
 
    Solving:  Stress period:    12    Time step:     4
 
 
    Solving:  Stress period:    12    Time step:     5
 
 
    Solving:  Stress period:    12    Time step:     6
 
 
    Solving:  Stress period:    12    Time step:     7
 
 
    Solving:  Stress period:    12    Time step:     8
 
 
    Solving:  Stress period:    12    Time step:     9
 
 
    Solving:  Stress period:    12    Time step:    10
 
 
    Solving:  Stress period:    12    Time step:    11
 
 
    Solving:  Stress period:    12    Time step:    12
 
 
    Solving:  Stress period:    12    Time step:    13
 
 
    Solving:  Stress period:    13    Time step:     1
 
1
                            STRESS PERIOD NO. 13, LENGTH =   14.00000    
                            -----------------------------------------------
                            NUMBER OF TIME STEPS = 14
                            MULTIPLIER FOR DELT =     1.000
                            INITIAL TIME STEP SIZE =   1.000000    
 
    Solving:  Stress period:    13    Time step:     2
 
 
    Solving:  Stress period:    13    Time step:     3
 
 
    Solving:  Stress period:    13    Time step:     4
 
 
    Solving:  Stress period:    13    Time step:     5
 
 
    Solving:  Stress period:    13    Time step:     6
 
 
    Solving:  Stress period:    13    Time step:     7
 
 
    Solving:  Stress period:    13    Time step:     8
 
 
    Solving:  Stress period:    13    Time step:     9
 
 
    Solving:  Stress period:    13    Time step:    10
 
 
    Solving:  Stress period:    13    Time step:    11
 
 
    Solving:  Stress period:    13    Time step:    12
 
 
    Solving:  Stress period:    13    Time step:    13
 
 
    Solving:  Stress period:    13    Time step:    14
 
 
    Solving:  Stress period:    14    Time step:     1
 
1
                            STRESS PERIOD NO. 14, LENGTH =   14.00000    
                            -----------------------------------------------
                            NUMBER OF TIME STEPS = 14
                            MULTIPLIER FOR DELT =     1.000
                            INITIAL TIME STEP SIZE =   1.000000    
 
    Solving:  Stress period:    14    Time step:     2
 
 
    Solving:  Stress period:    14    Time step:     3
 
 
    Solving:  Stress period:    14    Time step:     4
 
 
    Solving:  Stress period:    14    Time step:     5
 
 
    Solving:  Stress period:    14    Time step:     6
 
 
    Solving:  Stress period:    14    Time step:     7
 
 
    Solving:  Stress period:    14    Time step:     8
 
 
    Solving:  Stress period:    14    Time step:     9
 
 
    Solving:  Stress period:    14    Time step:    10
 
 
    Solving:  Stress period:    14    Time step:    11
 
 
    Solving:  Stress period:    14    Time step:    12
 
 
    Solving:  Stress period:    14    Time step:    13
 
 
    Solving:  Stress period:    14    Time step:    14
 
 
    Solving:  Stress period:    15    Time step:     1
 
1
                            STRESS PERIOD NO. 15, LENGTH =   14.00000    
                            -----------------------------------------------
                            NUMBER OF TIME STEPS = 14
                            MULTIPLIER FOR DELT =     1.000
                            INITIAL TIME STEP SIZE =   1.000000    
 
    Solving:  Stress period:    15    Time step:     2
 
 
    Solving:  Stress period:    15    Time step:     3
 
 
    Solving:  Stress period:    15    Time step:     4
 
 
    Solving:  Stress period:    15    Time step:     5
 
 
    Solving:  Stress period:    15    Time step:     6
 
 
    Solving:  Stress period:    15    Time step:     7
 
 
    Solving:  Stress period:    15    Time step:     8
 
 
    Solving:  Stress period:    15    Time step:     9
 
 
    Solving:  Stress period:    15    Time step:    10
 
 
    Solving:  Stress period:    15    Time step:    11
 
 
    Solving:  Stress period:    15    Time step:    12
 
 
    Solving:  Stress period:    15    Time step:    13
 
 
    Solving:  Stress period:    15    Time step:    14
 
 
    Solving:  Stress period:    16    Time step:     1
 
1
                            STRESS PERIOD NO. 16, LENGTH =   21.00000    
                            -----------------------------------------------
                            NUMBER OF TIME STEPS = 21
                            MULTIPLIER FOR DELT =     1.000
                            INITIAL TIME STEP SIZE =   1.000000    
 
    Solving:  Stress period:    16    Time step:     2
 
 
    Solving:  Stress period:    16    Time step:     3
 
 
    Solving:  Stress period:    16    Time step:     4
 
 
    Solving:  Stress period:    16    Time step:     5
 
 
    Solving:  Stress period:    16    Time step:     6
 
 
    Solving:  Stress period:    16    Time step:     7
 
 
    Solving:  Stress period:    16    Time step:     8
 
 
    Solving:  Stress period:    16    Time step:     9
 
 
    Solving:  Stress period:    16    Time step:    10
 
 
    Solving:  Stress period:    16    Time step:    11
 
 
    Solving:  Stress period:    16    Time step:    12
 
 
    Solving:  Stress period:    16    Time step:    13
 
 
    Solving:  Stress period:    16    Time step:    14
 
 
    Solving:  Stress period:    16    Time step:    15
 
 
    Solving:  Stress period:    16    Time step:    16
 
 
    Solving:  Stress period:    16    Time step:    17
 
 
    Solving:  Stress period:    16    Time step:    18
 
 
    Solving:  Stress period:    16    Time step:    19
 
 
    Solving:  Stress period:    16    Time step:    20
 
 
    Solving:  Stress period:    16    Time step:    21
 
 
    Solving:  Stress period:    17    Time step:     1
 
1
                            STRESS PERIOD NO. 17, LENGTH =   35.00000    
                            -----------------------------------------------
                            NUMBER OF TIME STEPS = 35
                            MULTIPLIER FOR DELT =     1.000
                            INITIAL TIME STEP SIZE =   1.000000    
 
    Solving:  Stress period:    17    Time step:     2
 
 
    Solving:  Stress period:    17    Time step:     3
 
 
    Solving:  Stress period:    17    Time step:     4
 
 
    Solving:  Stress period:    17    Time step:     5
 
 
    Solving:  Stress period:    17    Time step:     6
 
 
    Solving:  Stress period:    17    Time step:     7
 
 
    Solving:  Stress period:    17    Time step:     8
 
 
    Solving:  Stress period:    17    Time step:     9
 
 
    Solving:  Stress period:    17    Time step:    10
 
 
    Solving:  Stress period:    17    Time step:    11
 
 
    Solving:  Stress period:    17    Time step:    12
 
 
    Solving:  Stress period:    17    Time step:    13
 
 
    Solving:  Stress period:    17    Time step:    14
 
 
    Solving:  Stress period:    17    Time step:    15
 
 
    Solving:  Stress period:    17    Time step:    16
 
 
    Solving:  Stress period:    17    Time step:    17
 
 
    Solving:  Stress period:    17    Time step:    18
 
 
    Solving:  Stress period:    17    Time step:    19
 
 
    Solving:  Stress period:    17    Time step:    20
 
 
    Solving:  Stress period:    17    Time step:    21
 
 
    Solving:  Stress period:    17    Time step:    22
 
 
    Solving:  Stress period:    17    Time step:    23
 
 
    Solving:  Stress period:    17    Time step:    24
 
 
    Solving:  Stress period:    17    Time step:    25
 
 
    Solving:  Stress period:    17    Time step:    26
 
 
    Solving:  Stress period:    17    Time step:    27
 
 
    Solving:  Stress period:    17    Time step:    28
 
 
    Solving:  Stress period:    17    Time step:    29
 
 
    Solving:  Stress period:    17    Time step:    30
 
 
    Solving:  Stress period:    17    Time step:    31
 
 
    Solving:  Stress period:    17    Time step:    32
 
 
    Solving:  Stress period:    17    Time step:    33
 
 
    Solving:  Stress period:    17    Time step:    34
 
 
    Solving:  Stress period:    17    Time step:    35
 
 
    Solving:  Stress period:    18    Time step:     1
 
1
                            STRESS PERIOD NO. 18, LENGTH =   28.00000    
                            -----------------------------------------------
                            NUMBER OF TIME STEPS = 28
                            MULTIPLIER FOR DELT =     1.000
                            INITIAL TIME STEP SIZE =   1.000000    
 
    Solving:  Stress period:    18    Time step:     2
 
 
    Solving:  Stress period:    18    Time step:     3
 
 
    Solving:  Stress period:    18    Time step:     4
 
 
    Solving:  Stress period:    18    Time step:     5
 
 
    Solving:  Stress period:    18    Time step:     6
 
 
    Solving:  Stress period:    18    Time step:     7
 
 
    Solving:  Stress period:    18    Time step:     8
 
 
    Solving:  Stress period:    18    Time step:     9
 
 
    Solving:  Stress period:    18    Time step:    10
 
 
    Solving:  Stress period:    18    Time step:    11
 
 
    Solving:  Stress period:    18    Time step:    12
 
 
    Solving:  Stress period:    18    Time step:    13
 
 
    Solving:  Stress period:    18    Time step:    14
 
 
    Solving:  Stress period:    18    Time step:    15
 
 
    Solving:  Stress period:    18    Time step:    16
 
 
    Solving:  Stress period:    18    Time step:    17
 
 
    Solving:  Stress period:    18    Time step:    18
 
 
    Solving:  Stress period:    18    Time step:    19
 
 
    Solving:  Stress period:    18    Time step:    20
 
 
    Solving:  Stress period:    18    Time step:    21
 
 
    Solving:  Stress period:    18    Time step:    22
 
 
    Solving:  Stress period:    18    Time step:    23
 
 
    Solving:  Stress period:    18    Time step:    24
 
 
    Solving:  Stress period:    18    Time step:    25
 
 
    Solving:  Stress period:    18    Time step:    26
 
 
    Solving:  Stress period:    18    Time step:    27
 
 
    Solving:  Stress period:    18    Time step:    28
 
 
    Solving:  Stress period:    19    Time step:     1
 
1
                            STRESS PERIOD NO. 19, LENGTH =   28.00000    
                            -----------------------------------------------
                            NUMBER OF TIME STEPS = 28
                            MULTIPLIER FOR DELT =     1.000
                            INITIAL TIME STEP SIZE =   1.000000    
 
    Solving:  Stress period:    19    Time step:     2
 
 
    Solving:  Stress period:    19    Time step:     3
 
 
    Solving:  Stress period:    19    Time step:     4
 
 
    Solving:  Stress period:    19    Time step:     5
 
 
    Solving:  Stress period:    19    Time step:     6
 
 
    Solving:  Stress period:    19    Time step:     7
 
 
    Solving:  Stress period:    19    Time step:     8
 
 
    Solving:  Stress period:    19    Time step:     9
 
 
    Solving:  Stress period:    19    Time step:    10
 
 
    Solving:  Stress period:    19    Time step:    11
 
 
    Solving:  Stress period:    19    Time step:    12
 
 
    Solving:  Stress period:    19    Time step:    13
 
 
    Solving:  Stress period:    19    Time step:    14
 
 
    Solving:  Stress period:    19    Time step:    15
 
 
    Solving:  Stress period:    19    Time step:    16
 
 
    Solving:  Stress period:    19    Time step:    17
 
 
    Solving:  Stress period:    19    Time step:    18
 
 
    Solving:  Stress period:    19    Time step:    19
 
 
    Solving:  Stress period:    19    Time step:    20
 
 
    Solving:  Stress period:    19    Time step:    21
 
 
    Solving:  Stress period:    19    Time step:    22
 
 
    Solving:  Stress period:    19    Time step:    23
 
 
    Solving:  Stress period:    19    Time step:    24
 
 
    Solving:  Stress period:    19    Time step:    25
 
 
    Solving:  Stress period:    19    Time step:    26
 
 
    Solving:  Stress period:    19    Time step:    27
 
 
    Solving:  Stress period:    19    Time step:    28
 
 
    Solving:  Stress period:    20    Time step:     1
 
1
                            STRESS PERIOD NO. 20, LENGTH =   28.00000    
                            -----------------------------------------------
                            NUMBER OF TIME STEPS = 28
                            MULTIPLIER FOR DELT =     1.000
                            INITIAL TIME STEP SIZE =   1.000000    
 
    Solving:  Stress period:    20    Time step:     2
 
 
    Solving:  Stress period:    20    Time step:     3
 
 
    Solving:  Stress period:    20    Time step:     4
 
 
    Solving:  Stress period:    20    Time step:     5
 
 
    Solving:  Stress period:    20    Time step:     6
 
 
    Solving:  Stress period:    20    Time step:     7
 
 
    Solving:  Stress period:    20    Time step:     8
 
 
    Solving:  Stress period:    20    Time step:     9
 
 
    Solving:  Stress period:    20    Time step:    10
 
 
    Solving:  Stress period:    20    Time step:    11
 
 
    Solving:  Stress period:    20    Time step:    12
 
 
    Solving:  Stress period:    20    Time step:    13
 
 
    Solving:  Stress period:    20    Time step:    14
 
 
    Solving:  Stress period:    20    Time step:    15
 
 
    Solving:  Stress period:    20    Time step:    16
 
 
    Solving:  Stress period:    20    Time step:    17
 
 
    Solving:  Stress period:    20    Time step:    18
 
 
    Solving:  Stress period:    20    Time step:    19
 
 
    Solving:  Stress period:    20    Time step:    20
 
 
    Solving:  Stress period:    20    Time step:    21
 
 
    Solving:  Stress period:    20    Time step:    22
 
 
    Solving:  Stress period:    20    Time step:    23
 
 
    Solving:  Stress period:    20    Time step:    24
 
 
    Solving:  Stress period:    20    Time step:    25
 
 
    Solving:  Stress period:    20    Time step:    26
 
 
    Solving:  Stress period:    20    Time step:    27
 
 
    Solving:  Stress period:    20    Time step:    28
 
 
    Solving:  Stress period:    21    Time step:     1
 
1
                            STRESS PERIOD NO. 21, LENGTH =   28.00000    
                            -----------------------------------------------
                            NUMBER OF TIME STEPS = 28
                            MULTIPLIER FOR DELT =     1.000
                            INITIAL TIME STEP SIZE =   1.000000    
 
    Solving:  Stress period:    21    Time step:     2
 
 
    Solving:  Stress period:    21    Time step:     3
 
 
    Solving:  Stress period:    21    Time step:     4
 
 
    Solving:  Stress period:    21    Time step:     5
 
 
    Solving:  Stress period:    21    Time step:     6
 
 
    Solving:  Stress period:    21    Time step:     7
 
 
    Solving:  Stress period:    21    Time step:     8
 
 
    Solving:  Stress period:    21    Time step:     9
 
 
    Solving:  Stress period:    21    Time step:    10
 
 
    Solving:  Stress period:    21    Time step:    11
 
 
    Solving:  Stress period:    21    Time step:    12
 
 
    Solving:  Stress period:    21    Time step:    13
 
 
    Solving:  Stress period:    21    Time step:    14
 
 
    Solving:  Stress period:    21    Time step:    15
 
 
    Solving:  Stress period:    21    Time step:    16
 
 
    Solving:  Stress period:    21    Time step:    17
 
 
    Solving:  Stress period:    21    Time step:    18
 
 
    Solving:  Stress period:    21    Time step:    19
 
 
    Solving:  Stress period:    21    Time step:    20
 
 
    Solving:  Stress period:    21    Time step:    21
 
 
    Solving:  Stress period:    21    Time step:    22
 
 
    Solving:  Stress period:    21    Time step:    23
 
 
    Solving:  Stress period:    21    Time step:    24
 
 
    Solving:  Stress period:    21    Time step:    25
 
 
    Solving:  Stress period:    21    Time step:    26
 
 
    Solving:  Stress period:    21    Time step:    27
 
 
    Solving:  Stress period:    21    Time step:    28
 
 
    Solving:  Stress period:    22    Time step:     1
 
1
                            STRESS PERIOD NO. 22, LENGTH =   28.00000    
                            -----------------------------------------------
                            NUMBER OF TIME STEPS = 28
                            MULTIPLIER FOR DELT =     1.000
                            INITIAL TIME STEP SIZE =   1.000000    
 
    Solving:  Stress period:    22    Time step:     2
 
 
    Solving:  Stress period:    22    Time step:     3
 
 
    Solving:  Stress period:    22    Time step:     4
 
 
    Solving:  Stress period:    22    Time step:     5
 
 
    Solving:  Stress period:    22    Time step:     6
 
 
    Solving:  Stress period:    22    Time step:     7
 
 
    Solving:  Stress period:    22    Time step:     8
 
 
    Solving:  Stress period:    22    Time step:     9
 
 
    Solving:  Stress period:    22    Time step:    10
 
 
    Solving:  Stress period:    22    Time step:    11
 
 
    Solving:  Stress period:    22    Time step:    12
 
 
    Solving:  Stress period:    22    Time step:    13
 
 
    Solving:  Stress period:    22    Time step:    14
 
 
    Solving:  Stress period:    22    Time step:    15
 
 
    Solving:  Stress period:    22    Time step:    16
 
 
    Solving:  Stress period:    22    Time step:    17
 
 
    Solving:  Stress period:    22    Time step:    18
 
 
    Solving:  Stress period:    22    Time step:    19
 
 
    Solving:  Stress period:    22    Time step:    20
 
 
    Solving:  Stress period:    22    Time step:    21
 
 
    Solving:  Stress period:    22    Time step:    22
 
 
    Solving:  Stress period:    22    Time step:    23
 
 
    Solving:  Stress period:    22    Time step:    24
 
 
    Solving:  Stress period:    22    Time step:    25
 
 
    Solving:  Stress period:    22    Time step:    26
 
 
    Solving:  Stress period:    22    Time step:    27
 
 
    Solving:  Stress period:    22    Time step:    28
 
 
    Solving:  Stress period:    23    Time step:     1
 
1
                            STRESS PERIOD NO. 23, LENGTH =   28.00000    
                            -----------------------------------------------
                            NUMBER OF TIME STEPS = 28
                            MULTIPLIER FOR DELT =     1.000
                            INITIAL TIME STEP SIZE =   1.000000    
 
    Solving:  Stress period:    23    Time step:     2
 
 
    Solving:  Stress period:    23    Time step:     3
 
 
    Solving:  Stress period:    23    Time step:     4
 
 
    Solving:  Stress period:    23    Time step:     5
 
 
    Solving:  Stress period:    23    Time step:     6
 
 
    Solving:  Stress period:    23    Time step:     7
 
 
    Solving:  Stress period:    23    Time step:     8
 
 
    Solving:  Stress period:    23    Time step:     9
 
 
    Solving:  Stress period:    23    Time step:    10
 
 
    Solving:  Stress period:    23    Time step:    11
 
 
    Solving:  Stress period:    23    Time step:    12
 
 
    Solving:  Stress period:    23    Time step:    13
 
 
    Solving:  Stress period:    23    Time step:    14
 
 
    Solving:  Stress period:    23    Time step:    15
 
 
    Solving:  Stress period:    23    Time step:    16
 
 
    Solving:  Stress period:    23    Time step:    17
 
 
    Solving:  Stress period:    23    Time step:    18
 
 
    Solving:  Stress period:    23    Time step:    19
 
 
    Solving:  Stress period:    23    Time step:    20
 
 
    Solving:  Stress period:    23    Time step:    21
 
 
    Solving:  Stress period:    23    Time step:    22
 
 
    Solving:  Stress period:    23    Time step:    23
 
 
    Solving:  Stress period:    23    Time step:    24
 
 
    Solving:  Stress period:    23    Time step:    25
 
 
    Solving:  Stress period:    23    Time step:    26
 
 
    Solving:  Stress period:    23    Time step:    27
 
 
    Solving:  Stress period:    23    Time step:    28
 
 
    Solving:  Stress period:    24    Time step:     1
 
1
                            STRESS PERIOD NO. 24, LENGTH =   28.00000    
                            -----------------------------------------------
                            NUMBER OF TIME STEPS = 28
                            MULTIPLIER FOR DELT =     1.000
                            INITIAL TIME STEP SIZE =   1.000000    
 
    Solving:  Stress period:    24    Time step:     2
 
 
    Solving:  Stress period:    24    Time step:     3
 
 
    Solving:  Stress period:    24    Time step:     4
 
 
    Solving:  Stress period:    24    Time step:     5
 
 
    Solving:  Stress period:    24    Time step:     6
 
 
    Solving:  Stress period:    24    Time step:     7
 
 
    Solving:  Stress period:    24    Time step:     8
 
 
    Solving:  Stress period:    24    Time step:     9
 
 
    Solving:  Stress period:    24    Time step:    10
 
 
    Solving:  Stress period:    24    Time step:    11
 
 
    Solving:  Stress period:    24    Time step:    12
 
 
    Solving:  Stress period:    24    Time step:    13
 
 
    Solving:  Stress period:    24    Time step:    14
 
 
    Solving:  Stress period:    24    Time step:    15
 
 
    Solving:  Stress period:    24    Time step:    16
 
 
    Solving:  Stress period:    24    Time step:    17
 
 
    Solving:  Stress period:    24    Time step:    18
 
 
    Solving:  Stress period:    24    Time step:    19
 
 
    Solving:  Stress period:    24    Time step:    20
 
 
    Solving:  Stress period:    24    Time step:    21
 
 
    Solving:  Stress period:    24    Time step:    22
 
 
    Solving:  Stress period:    24    Time step:    23
 
 
    Solving:  Stress period:    24    Time step:    24
 
 
    Solving:  Stress period:    24    Time step:    25
 
 
    Solving:  Stress period:    24    Time step:    26
 
 
    Solving:  Stress period:    24    Time step:    27
 
 
    Solving:  Stress period:    24    Time step:    28
 
 
    Solving:  Stress period:    25    Time step:     1
 
1
                            STRESS PERIOD NO. 25, LENGTH =   28.00000    
                            -----------------------------------------------
                            NUMBER OF TIME STEPS = 28
                            MULTIPLIER FOR DELT =     1.000
                            INITIAL TIME STEP SIZE =   1.000000    
 
    Solving:  Stress period:    25    Time step:     2
 
 
    Solving:  Stress period:    25    Time step:     3
 
 
    Solving:  Stress period:    25    Time step:     4
 
 
    Solving:  Stress period:    25    Time step:     5
 
 
    Solving:  Stress period:    25    Time step:     6
 
 
    Solving:  Stress period:    25    Time step:     7
 
 
    Solving:  Stress period:    25    Time step:     8
 
 
    Solving:  Stress period:    25    Time step:     9
 
 
    Solving:  Stress period:    25    Time step:    10
 
 
    Solving:  Stress period:    25    Time step:    11
 
 
    Solving:  Stress period:    25    Time step:    12
 
 
    Solving:  Stress period:    25    Time step:    13
 
 
    Solving:  Stress period:    25    Time step:    14
 
 
    Solving:  Stress period:    25    Time step:    15
 
 
    Solving:  Stress period:    25    Time step:    16
 
 
    Solving:  Stress period:    25    Time step:    17
 
 
    Solving:  Stress period:    25    Time step:    18
 
 
    Solving:  Stress period:    25    Time step:    19
 
 
    Solving:  Stress period:    25    Time step:    20
 
 
    Solving:  Stress period:    25    Time step:    21
 
 
    Solving:  Stress period:    25    Time step:    22
 
 
    Solving:  Stress period:    25    Time step:    23
 
 
    Solving:  Stress period:    25    Time step:    24
 
 
    Solving:  Stress period:    25    Time step:    25
 
 
    Solving:  Stress period:    25    Time step:    26
 
 
    Solving:  Stress period:    25    Time step:    27
 
 
    Solving:  Stress period:    25    Time step:    28
 
 
    Solving:  Stress period:    26    Time step:     1
 
1
                            STRESS PERIOD NO. 26, LENGTH =   35.00000    
                            -----------------------------------------------
                            NUMBER OF TIME STEPS = 35
                            MULTIPLIER FOR DELT =     1.000
                            INITIAL TIME STEP SIZE =   1.000000    
 
    Solving:  Stress period:    26    Time step:     2
 
 
    Solving:  Stress period:    26    Time step:     3
 
 
    Solving:  Stress period:    26    Time step:     4
 
 
    Solving:  Stress period:    26    Time step:     5
 
 
    Solving:  Stress period:    26    Time step:     6
 
 
    Solving:  Stress period:    26    Time step:     7
 
 
    Solving:  Stress period:    26    Time step:     8
 
 
    Solving:  Stress period:    26    Time step:     9
 
 
    Solving:  Stress period:    26    Time step:    10
 
 
    Solving:  Stress period:    26    Time step:    11
 
 
    Solving:  Stress period:    26    Time step:    12
 
 
    Solving:  Stress period:    26    Time step:    13
 
 
    Solving:  Stress period:    26    Time step:    14
 
 
    Solving:  Stress period:    26    Time step:    15
 
 
    Solving:  Stress period:    26    Time step:    16
 
 
    Solving:  Stress period:    26    Time step:    17
 
 
    Solving:  Stress period:    26    Time step:    18
 
 
    Solving:  Stress period:    26    Time step:    19
 
 
    Solving:  Stress period:    26    Time step:    20
 
 
    Solving:  Stress period:    26    Time step:    21
 
 
    Solving:  Stress period:    26    Time step:    22
 
 
    Solving:  Stress period:    26    Time step:    23
 
 
    Solving:  Stress period:    26    Time step:    24
 
 
    Solving:  Stress period:    26    Time step:    25
 
 
    Solving:  Stress period:    26    Time step:    26
 
 
    Solving:  Stress period:    26    Time step:    27
 
 
    Solving:  Stress period:    26    Time step:    28
 
 
    Solving:  Stress period:    26    Time step:    29
 
 
    Solving:  Stress period:    26    Time step:    30
 
 
    Solving:  Stress period:    26    Time step:    31
 
 
    Solving:  Stress period:    26    Time step:    32
 
 
    Solving:  Stress period:    26    Time step:    33
 
 
    Solving:  Stress period:    26    Time step:    34
 
 
    Solving:  Stress period:    26    Time step:    35
 
 
    Solving:  Stress period:    27    Time step:     1
 
1
                            STRESS PERIOD NO. 27, LENGTH =   35.00000    
                            -----------------------------------------------
                            NUMBER OF TIME STEPS = 35
                            MULTIPLIER FOR DELT =     1.000
                            INITIAL TIME STEP SIZE =   1.000000    
 
    Solving:  Stress period:    27    Time step:     2
 
 
    Solving:  Stress period:    27    Time step:     3
 
 
    Solving:  Stress period:    27    Time step:     4
 
 
    Solving:  Stress period:    27    Time step:     5
 
 
    Solving:  Stress period:    27    Time step:     6
 
 
    Solving:  Stress period:    27    Time step:     7
 
 
    Solving:  Stress period:    27    Time step:     8
 
 
    Solving:  Stress period:    27    Time step:     9
 
 
    Solving:  Stress period:    27    Time step:    10
 
 
    Solving:  Stress period:    27    Time step:    11
 
 
    Solving:  Stress period:    27    Time step:    12
 
 
    Solving:  Stress period:    27    Time step:    13
 
 
    Solving:  Stress period:    27    Time step:    14
 
 
    Solving:  Stress period:    27    Time step:    15
 
 
    Solving:  Stress period:    27    Time step:    16
 
 
    Solving:  Stress period:    27    Time step:    17
 
 
    Solving:  Stress period:    27    Time step:    18
 
 
    Solving:  Stress period:    27    Time step:    19
 
 
    Solving:  Stress period:    27    Time step:    20
 
 
    Solving:  Stress period:    27    Time step:    21
 
 
    Solving:  Stress period:    27    Time step:    22
 
 
    Solving:  Stress period:    27    Time step:    23
 
 
    Solving:  Stress period:    27    Time step:    24
 
 
    Solving:  Stress period:    27    Time step:    25
 
 
    Solving:  Stress period:    27    Time step:    26
 
 
    Solving:  Stress period:    27    Time step:    27
 
 
    Solving:  Stress period:    27    Time step:    28
 
 
    Solving:  Stress period:    27    Time step:    29
 
 
    Solving:  Stress period:    27    Time step:    30
 
 
    Solving:  Stress period:    27    Time step:    31
 
 
    Solving:  Stress period:    27    Time step:    32
 
 
    Solving:  Stress period:    27    Time step:    33
 
 
    Solving:  Stress period:    27    Time step:    34
 
 
    Solving:  Stress period:    27    Time step:    35
 
 
    Solving:  Stress period:    28    Time step:     1
 
1
                            STRESS PERIOD NO. 28, LENGTH =   28.00000    
                            -----------------------------------------------
                            NUMBER OF TIME STEPS = 28
                            MULTIPLIER FOR DELT =     1.000
                            INITIAL TIME STEP SIZE =   1.000000    
 
    Solving:  Stress period:    28    Time step:     2
 
 
    Solving:  Stress period:    28    Time step:     3
 
 
    Solving:  Stress period:    28    Time step:     4
 
 
    Solving:  Stress period:    28    Time step:     5
 
 
    Solving:  Stress period:    28    Time step:     6
 
 
    Solving:  Stress period:    28    Time step:     7
 
 
    Solving:  Stress period:    28    Time step:     8
 
 
    Solving:  Stress period:    28    Time step:     9
 
 
    Solving:  Stress period:    28    Time step:    10
 
 
    Solving:  Stress period:    28    Time step:    11
 
 
    Solving:  Stress period:    28    Time step:    12
 
 
    Solving:  Stress period:    28    Time step:    13
 
 
    Solving:  Stress period:    28    Time step:    14
 
 
    Solving:  Stress period:    28    Time step:    15
 
 
    Solving:  Stress period:    28    Time step:    16
 
 
    Solving:  Stress period:    28    Time step:    17
 
 
    Solving:  Stress period:    28    Time step:    18
 
 
    Solving:  Stress period:    28    Time step:    19
 
 
    Solving:  Stress period:    28    Time step:    20
 
 
    Solving:  Stress period:    28    Time step:    21
 
 
    Solving:  Stress period:    28    Time step:    22
 
 
    Solving:  Stress period:    28    Time step:    23
 
 
    Solving:  Stress period:    28    Time step:    24
 
 
    Solving:  Stress period:    28    Time step:    25
 
 
    Solving:  Stress period:    28    Time step:    26
 
 
    Solving:  Stress period:    28    Time step:    27
 
 
    Solving:  Stress period:    28    Time step:    28
 
 
    Solving:  Stress period:    29    Time step:     1
 
1
                            STRESS PERIOD NO. 29, LENGTH =   28.00000    
                            -----------------------------------------------
                            NUMBER OF TIME STEPS = 28
                            MULTIPLIER FOR DELT =     1.000
                            INITIAL TIME STEP SIZE =   1.000000    
 
    Solving:  Stress period:    29    Time step:     2
 
 
    Solving:  Stress period:    29    Time step:     3
 
 
    Solving:  Stress period:    29    Time step:     4
 
 
    Solving:  Stress period:    29    Time step:     5
 
 
    Solving:  Stress period:    29    Time step:     6
 
 
    Solving:  Stress period:    29    Time step:     7
 
 
    Solving:  Stress period:    29    Time step:     8
 
 
    Solving:  Stress period:    29    Time step:     9
 
 
    Solving:  Stress period:    29    Time step:    10
 
 
    Solving:  Stress period:    29    Time step:    11
 
 
    Solving:  Stress period:    29    Time step:    12
 
 
    Solving:  Stress period:    29    Time step:    13
 
 
    Solving:  Stress period:    29    Time step:    14
 
 
    Solving:  Stress period:    29    Time step:    15
 
 
    Solving:  Stress period:    29    Time step:    16
 
 
    Solving:  Stress period:    29    Time step:    17
 
 
    Solving:  Stress period:    29    Time step:    18
 
 
    Solving:  Stress period:    29    Time step:    19
 
 
    Solving:  Stress period:    29    Time step:    20
 
 
    Solving:  Stress period:    29    Time step:    21
 
 
    Solving:  Stress period:    29    Time step:    22
 
 
    Solving:  Stress period:    29    Time step:    23
 
 
    Solving:  Stress period:    29    Time step:    24
 
 
    Solving:  Stress period:    29    Time step:    25
 
 
    Solving:  Stress period:    29    Time step:    26
 
 
    Solving:  Stress period:    29    Time step:    27
 
 
    Solving:  Stress period:    29    Time step:    28
 
 
    Solving:  Stress period:    30    Time step:     1
 
1
                            STRESS PERIOD NO. 30, LENGTH =   28.00000    
                            -----------------------------------------------
                            NUMBER OF TIME STEPS = 28
                            MULTIPLIER FOR DELT =     1.000
                            INITIAL TIME STEP SIZE =   1.000000    
 
    Solving:  Stress period:    30    Time step:     2
 
 
    Solving:  Stress period:    30    Time step:     3
 
 
    Solving:  Stress period:    30    Time step:     4
 
 
    Solving:  Stress period:    30    Time step:     5
 
 
    Solving:  Stress period:    30    Time step:     6
 
 
    Solving:  Stress period:    30    Time step:     7
 
 
    Solving:  Stress period:    30    Time step:     8
 
 
    Solving:  Stress period:    30    Time step:     9
 
 
    Solving:  Stress period:    30    Time step:    10
 
 
    Solving:  Stress period:    30    Time step:    11
 
 
    Solving:  Stress period:    30    Time step:    12
 
 
    Solving:  Stress period:    30    Time step:    13
 
 
    Solving:  Stress period:    30    Time step:    14
 
 
    Solving:  Stress period:    30    Time step:    15
 
 
    Solving:  Stress period:    30    Time step:    16
 
 
    Solving:  Stress period:    30    Time step:    17
 
 
    Solving:  Stress period:    30    Time step:    18
 
 
    Solving:  Stress period:    30    Time step:    19
 
 
    Solving:  Stress period:    30    Time step:    20
 
 
    Solving:  Stress period:    30    Time step:    21
 
 
    Solving:  Stress period:    30    Time step:    22
 
 
    Solving:  Stress period:    30    Time step:    23
 
 
    Solving:  Stress period:    30    Time step:    24
 
 
    Solving:  Stress period:    30    Time step:    25
 
 
    Solving:  Stress period:    30    Time step:    26
 
 
    Solving:  Stress period:    30    Time step:    27
 
 
    Solving:  Stress period:    30    Time step:    28
 
 
    Solving:  Stress period:    31    Time step:     1
 
1
                            STRESS PERIOD NO. 31, LENGTH =   35.00000    
                            -----------------------------------------------
                            NUMBER OF TIME STEPS = 35
                            MULTIPLIER FOR DELT =     1.000
                            INITIAL TIME STEP SIZE =   1.000000    
 
    Solving:  Stress period:    31    Time step:     2
 
 
    Solving:  Stress period:    31    Time step:     3
 
 
    Solving:  Stress period:    31    Time step:     4
 
 
    Solving:  Stress period:    31    Time step:     5
 
 
    Solving:  Stress period:    31    Time step:     6
 
 
    Solving:  Stress period:    31    Time step:     7
 
 
    Solving:  Stress period:    31    Time step:     8
 
 
    Solving:  Stress period:    31    Time step:     9
 
 
    Solving:  Stress period:    31    Time step:    10
 
 
    Solving:  Stress period:    31    Time step:    11
 
 
    Solving:  Stress period:    31    Time step:    12
 
 
    Solving:  Stress period:    31    Time step:    13
 
 
    Solving:  Stress period:    31    Time step:    14
 
 
    Solving:  Stress period:    31    Time step:    15
 
 
    Solving:  Stress period:    31    Time step:    16
 
 
    Solving:  Stress period:    31    Time step:    17
 
 
    Solving:  Stress period:    31    Time step:    18
 
 
    Solving:  Stress period:    31    Time step:    19
 
 
    Solving:  Stress period:    31    Time step:    20
 
 
    Solving:  Stress period:    31    Time step:    21
 
 
    Solving:  Stress period:    31    Time step:    22
 
 
    Solving:  Stress period:    31    Time step:    23
 
 
    Solving:  Stress period:    31    Time step:    24
 
 
    Solving:  Stress period:    31    Time step:    25
 
 
    Solving:  Stress period:    31    Time step:    26
 
 
    Solving:  Stress period:    31    Time step:    27
 
 
    Solving:  Stress period:    31    Time step:    28
 
 
    Solving:  Stress period:    31    Time step:    29
 
 
    Solving:  Stress period:    31    Time step:    30
 
 
    Solving:  Stress period:    31    Time step:    31
 
 
    Solving:  Stress period:    31    Time step:    32
 
 
    Solving:  Stress period:    31    Time step:    33
 
 
    Solving:  Stress period:    31    Time step:    34
 
 
    Solving:  Stress period:    31    Time step:    35
 
 
    Solving:  Stress period:    32    Time step:     1
 
1
                            STRESS PERIOD NO. 32, LENGTH =   35.00000    
                            -----------------------------------------------
                            NUMBER OF TIME STEPS = 35
                            MULTIPLIER FOR DELT =     1.000
                            INITIAL TIME STEP SIZE =   1.000000    
 
    Solving:  Stress period:    32    Time step:     2
 
 
    Solving:  Stress period:    32    Time step:     3
 
 
    Solving:  Stress period:    32    Time step:     4
 
 
    Solving:  Stress period:    32    Time step:     5
 
 
    Solving:  Stress period:    32    Time step:     6
 
 
    Solving:  Stress period:    32    Time step:     7
 
 
    Solving:  Stress period:    32    Time step:     8
 
 
    Solving:  Stress period:    32    Time step:     9
 
 
    Solving:  Stress period:    32    Time step:    10
 
 
    Solving:  Stress period:    32    Time step:    11
 
 
    Solving:  Stress period:    32    Time step:    12
 
 
    Solving:  Stress period:    32    Time step:    13
 
 
    Solving:  Stress period:    32    Time step:    14
 
 
    Solving:  Stress period:    32    Time step:    15
 
 
    Solving:  Stress period:    32    Time step:    16
 
 
    Solving:  Stress period:    32    Time step:    17
 
 
    Solving:  Stress period:    32    Time step:    18
 
 
    Solving:  Stress period:    32    Time step:    19
 
 
    Solving:  Stress period:    32    Time step:    20
 
 
    Solving:  Stress period:    32    Time step:    21
 
 
    Solving:  Stress period:    32    Time step:    22
 
 
    Solving:  Stress period:    32    Time step:    23
 
 
    Solving:  Stress period:    32    Time step:    24
 
 
    Solving:  Stress period:    32    Time step:    25
 
 
    Solving:  Stress period:    32    Time step:    26
 
 
    Solving:  Stress period:    32    Time step:    27
 
 
    Solving:  Stress period:    32    Time step:    28
 
 
    Solving:  Stress period:    32    Time step:    29
 
 
    Solving:  Stress period:    32    Time step:    30
 
 
    Solving:  Stress period:    32    Time step:    31
 
 
    Solving:  Stress period:    32    Time step:    32
 
 
    Solving:  Stress period:    32    Time step:    33
 
 
    Solving:  Stress period:    32    Time step:    34
 
 
    Solving:  Stress period:    32    Time step:    35
 
 
    Solving:  Stress period:    33    Time step:     1
 
1
                            STRESS PERIOD NO. 33, LENGTH =   28.00000    
                            -----------------------------------------------
                            NUMBER OF TIME STEPS = 28
                            MULTIPLIER FOR DELT =     1.000
                            INITIAL TIME STEP SIZE =   1.000000    
 
    Solving:  Stress period:    33    Time step:     2
 
 
    Solving:  Stress period:    33    Time step:     3
 
 
    Solving:  Stress period:    33    Time step:     4
 
 
    Solving:  Stress period:    33    Time step:     5
 
 
    Solving:  Stress period:    33    Time step:     6
 
 
    Solving:  Stress period:    33    Time step:     7
 
 
    Solving:  Stress period:    33    Time step:     8
 
 
    Solving:  Stress period:    33    Time step:     9
 
 
    Solving:  Stress period:    33    Time step:    10
 
 
    Solving:  Stress period:    33    Time step:    11
 
 
    Solving:  Stress period:    33    Time step:    12
 
 
    Solving:  Stress period:    33    Time step:    13
 
 
    Solving:  Stress period:    33    Time step:    14
 
 
    Solving:  Stress period:    33    Time step:    15
 
 
    Solving:  Stress period:    33    Time step:    16
 
 
    Solving:  Stress period:    33    Time step:    17
 
 
    Solving:  Stress period:    33    Time step:    18
 
 
    Solving:  Stress period:    33    Time step:    19
 
 
    Solving:  Stress period:    33    Time step:    20
 
 
    Solving:  Stress period:    33    Time step:    21
 
 
    Solving:  Stress period:    33    Time step:    22
 
 
    Solving:  Stress period:    33    Time step:    23
 
 
    Solving:  Stress period:    33    Time step:    24
 
 
    Solving:  Stress period:    33    Time step:    25
 
 
    Solving:  Stress period:    33    Time step:    26
 
 
    Solving:  Stress period:    33    Time step:    27
 
 
    Solving:  Stress period:    33    Time step:    28
 
 
    Solving:  Stress period:    34    Time step:     1
 
1
                            STRESS PERIOD NO. 34, LENGTH =   28.00000    
                            -----------------------------------------------
                            NUMBER OF TIME STEPS = 28
                            MULTIPLIER FOR DELT =     1.000
                            INITIAL TIME STEP SIZE =   1.000000    
 
    Solving:  Stress period:    34    Time step:     2
 
 
    Solving:  Stress period:    34    Time step:     3
 
 
    Solving:  Stress period:    34    Time step:     4
 
 
    Solving:  Stress period:    34    Time step:     5
 
 
    Solving:  Stress period:    34    Time step:     6
 
 
    Solving:  Stress period:    34    Time step:     7
 
 
    Solving:  Stress period:    34    Time step:     8
 
 
    Solving:  Stress period:    34    Time step:     9
 
 
    Solving:  Stress period:    34    Time step:    10
 
 
    Solving:  Stress period:    34    Time step:    11
 
 
    Solving:  Stress period:    34    Time step:    12
 
 
    Solving:  Stress period:    34    Time step:    13
 
 
    Solving:  Stress period:    34    Time step:    14
 
 
    Solving:  Stress period:    34    Time step:    15
 
 
    Solving:  Stress period:    34    Time step:    16
 
 
    Solving:  Stress period:    34    Time step:    17
 
 
    Solving:  Stress period:    34    Time step:    18
 
 
    Solving:  Stress period:    34    Time step:    19
 
 
    Solving:  Stress period:    34    Time step:    20
 
 
    Solving:  Stress period:    34    Time step:    21
 
 
    Solving:  Stress period:    34    Time step:    22
 
 
    Solving:  Stress period:    34    Time step:    23
 
 
    Solving:  Stress period:    34    Time step:    24
 
 
    Solving:  Stress period:    34    Time step:    25
 
 
    Solving:  Stress period:    34    Time step:    26
 
 
    Solving:  Stress period:    34    Time step:    27
 
 
    Solving:  Stress period:    34    Time step:    28
 
 
    Solving:  Stress period:    35    Time step:     1
 
1
                            STRESS PERIOD NO. 35, LENGTH =   28.00000    
                            -----------------------------------------------
                            NUMBER OF TIME STEPS = 28
                            MULTIPLIER FOR DELT =     1.000
                            INITIAL TIME STEP SIZE =   1.000000    
 
    Solving:  Stress period:    35    Time step:     2
 
 
    Solving:  Stress period:    35    Time step:     3
 
 
    Solving:  Stress period:    35    Time step:     4
 
 
    Solving:  Stress period:    35    Time step:     5
 
 
    Solving:  Stress period:    35    Time step:     6
 
 
    Solving:  Stress period:    35    Time step:     7
 
 
    Solving:  Stress period:    35    Time step:     8
 
 
    Solving:  Stress period:    35    Time step:     9
 
 
    Solving:  Stress period:    35    Time step:    10
 
 
    Solving:  Stress period:    35    Time step:    11
 
 
    Solving:  Stress period:    35    Time step:    12
 
 
    Solving:  Stress period:    35    Time step:    13
 
 
    Solving:  Stress period:    35    Time step:    14
 
 
    Solving:  Stress period:    35    Time step:    15
 
 
    Solving:  Stress period:    35    Time step:    16
 
 
    Solving:  Stress period:    35    Time step:    17
 
 
    Solving:  Stress period:    35    Time step:    18
 
 
    Solving:  Stress period:    35    Time step:    19
 
 
    Solving:  Stress period:    35    Time step:    20
 
 
    Solving:  Stress period:    35    Time step:    21
 
 
    Solving:  Stress period:    35    Time step:    22
 
 
    Solving:  Stress period:    35    Time step:    23
 
 
    Solving:  Stress period:    35    Time step:    24
 
 
    Solving:  Stress period:    35    Time step:    25
 
 
    Solving:  Stress period:    35    Time step:    26
 
 
    Solving:  Stress period:    35    Time step:    27
 
 
    Solving:  Stress period:    35    Time step:    28
 
 
    Solving:  Stress period:    36    Time step:     1
 
1
                            STRESS PERIOD NO. 36, LENGTH =   28.00000    
                            -----------------------------------------------
                            NUMBER OF TIME STEPS = 28
                            MULTIPLIER FOR DELT =     1.000
                            INITIAL TIME STEP SIZE =   1.000000    
 
    Solving:  Stress period:    36    Time step:     2
 
 
    Solving:  Stress period:    36    Time step:     3
 
 
    Solving:  Stress period:    36    Time step:     4
 
 
    Solving:  Stress period:    36    Time step:     5
 
 
    Solving:  Stress period:    36    Time step:     6
 
 
    Solving:  Stress period:    36    Time step:     7
 
 
    Solving:  Stress period:    36    Time step:     8
 
 
    Solving:  Stress period:    36    Time step:     9
 
 
    Solving:  Stress period:    36    Time step:    10
 
 
    Solving:  Stress period:    36    Time step:    11
 
 
    Solving:  Stress period:    36    Time step:    12
 
 
    Solving:  Stress period:    36    Time step:    13
 
 
    Solving:  Stress period:    36    Time step:    14
 
 
    Solving:  Stress period:    36    Time step:    15
 
 
    Solving:  Stress period:    36    Time step:    16
 
 
    Solving:  Stress period:    36    Time step:    17
 
 
    Solving:  Stress period:    36    Time step:    18
 
 
    Solving:  Stress period:    36    Time step:    19
 
 
    Solving:  Stress period:    36    Time step:    20
 
 
    Solving:  Stress period:    36    Time step:    21
 
 
    Solving:  Stress period:    36    Time step:    22
 
 
    Solving:  Stress period:    36    Time step:    23
 
 
    Solving:  Stress period:    36    Time step:    24
 
 
    Solving:  Stress period:    36    Time step:    25
 
 
    Solving:  Stress period:    36    Time step:    26
 
 
    Solving:  Stress period:    36    Time step:    27
 
 
    Solving:  Stress period:    36    Time step:    28
 
 
    Solving:  Stress period:    37    Time step:     1
 
1
                            STRESS PERIOD NO. 37, LENGTH =   35.00000    
                            -----------------------------------------------
                            NUMBER OF TIME STEPS = 35
                            MULTIPLIER FOR DELT =     1.000
                            INITIAL TIME STEP SIZE =   1.000000    
 
    Solving:  Stress period:    37    Time step:     2
 
 
    Solving:  Stress period:    37    Time step:     3
 
 
    Solving:  Stress period:    37    Time step:     4
 
 
    Solving:  Stress period:    37    Time step:     5
 
 
    Solving:  Stress period:    37    Time step:     6
 
 
    Solving:  Stress period:    37    Time step:     7
 
 
    Solving:  Stress period:    37    Time step:     8
 
 
    Solving:  Stress period:    37    Time step:     9
 
 
    Solving:  Stress period:    37    Time step:    10
 
 
    Solving:  Stress period:    37    Time step:    11
 
 
    Solving:  Stress period:    37    Time step:    12
 
 
    Solving:  Stress period:    37    Time step:    13
 
 
    Solving:  Stress period:    37    Time step:    14
 
 
    Solving:  Stress period:    37    Time step:    15
 
 
    Solving:  Stress period:    37    Time step:    16
 
 
    Solving:  Stress period:    37    Time step:    17
 
 
    Solving:  Stress period:    37    Time step:    18
 
 
    Solving:  Stress period:    37    Time step:    19
 
 
    Solving:  Stress period:    37    Time step:    20
 
 
    Solving:  Stress period:    37    Time step:    21
 
 
    Solving:  Stress period:    37    Time step:    22
 
 
    Solving:  Stress period:    37    Time step:    23
 
 
    Solving:  Stress period:    37    Time step:    24
 
 
    Solving:  Stress period:    37    Time step:    25
 
 
    Solving:  Stress period:    37    Time step:    26
 
 
    Solving:  Stress period:    37    Time step:    27
 
 
    Solving:  Stress period:    37    Time step:    28
 
 
    Solving:  Stress period:    37    Time step:    29
 
 
    Solving:  Stress period:    37    Time step:    30
 
 
    Solving:  Stress period:    37    Time step:    31
 
 
    Solving:  Stress period:    37    Time step:    32
 
 
    Solving:  Stress period:    37    Time step:    33
 
 
    Solving:  Stress period:    37    Time step:    34
 
 
    Solving:  Stress period:    37    Time step:    35
 
 
    Solving:  Stress period:    38    Time step:     1
 
1
                            STRESS PERIOD NO. 38, LENGTH =   35.00000    
                            -----------------------------------------------
                            NUMBER OF TIME STEPS = 35
                            MULTIPLIER FOR DELT =     1.000
                            INITIAL TIME STEP SIZE =   1.000000    
 
    Solving:  Stress period:    38    Time step:     2
 
 
    Solving:  Stress period:    38    Time step:     3
 
 
    Solving:  Stress period:    38    Time step:     4
 
 
    Solving:  Stress period:    38    Time step:     5
 
 
    Solving:  Stress period:    38    Time step:     6
 
 
    Solving:  Stress period:    38    Time step:     7
 
 
    Solving:  Stress period:    38    Time step:     8
 
 
    Solving:  Stress period:    38    Time step:     9
 
 
    Solving:  Stress period:    38    Time step:    10
 
 
    Solving:  Stress period:    38    Time step:    11
 
 
    Solving:  Stress period:    38    Time step:    12
 
 
    Solving:  Stress period:    38    Time step:    13
 
 
    Solving:  Stress period:    38    Time step:    14
 
 
    Solving:  Stress period:    38    Time step:    15
 
 
    Solving:  Stress period:    38    Time step:    16
 
 
    Solving:  Stress period:    38    Time step:    17
 
 
    Solving:  Stress period:    38    Time step:    18
 
 
    Solving:  Stress period:    38    Time step:    19
 
 
    Solving:  Stress period:    38    Time step:    20
 
 
    Solving:  Stress period:    38    Time step:    21
 
 
    Solving:  Stress period:    38    Time step:    22
 
 
    Solving:  Stress period:    38    Time step:    23
 
 
    Solving:  Stress period:    38    Time step:    24
 
 
    Solving:  Stress period:    38    Time step:    25
 
 
    Solving:  Stress period:    38    Time step:    26
 
 
    Solving:  Stress period:    38    Time step:    27
 
 
    Solving:  Stress period:    38    Time step:    28
 
 
    Solving:  Stress period:    38    Time step:    29
 
 
    Solving:  Stress period:    38    Time step:    30
 
 
    Solving:  Stress period:    38    Time step:    31
 
 
    Solving:  Stress period:    38    Time step:    32
 
 
    Solving:  Stress period:    38    Time step:    33
 
 
    Solving:  Stress period:    38    Time step:    34
 
 
    Solving:  Stress period:    38    Time step:    35
 
 
    Solving:  Stress period:    39    Time step:     1
 
1
                            STRESS PERIOD NO. 39, LENGTH =   28.00000    
                            -----------------------------------------------
                            NUMBER OF TIME STEPS = 28
                            MULTIPLIER FOR DELT =     1.000
                            INITIAL TIME STEP SIZE =   1.000000    
 
    Solving:  Stress period:    39    Time step:     2
 
 
    Solving:  Stress period:    39    Time step:     3
 
 
    Solving:  Stress period:    39    Time step:     4
 
 
    Solving:  Stress period:    39    Time step:     5
 
 
    Solving:  Stress period:    39    Time step:     6
 
 
    Solving:  Stress period:    39    Time step:     7
 
 
    Solving:  Stress period:    39    Time step:     8
 
 
    Solving:  Stress period:    39    Time step:     9
 
 
    Solving:  Stress period:    39    Time step:    10
 
 
    Solving:  Stress period:    39    Time step:    11
 
 
    Solving:  Stress period:    39    Time step:    12
 
 
    Solving:  Stress period:    39    Time step:    13
 
 
    Solving:  Stress period:    39    Time step:    14
 
 
    Solving:  Stress period:    39    Time step:    15
 
 
    Solving:  Stress period:    39    Time step:    16
 
 
    Solving:  Stress period:    39    Time step:    17
 
 
    Solving:  Stress period:    39    Time step:    18
 
 
    Solving:  Stress period:    39    Time step:    19
 
 
    Solving:  Stress period:    39    Time step:    20
 
 
    Solving:  Stress period:    39    Time step:    21
 
 
    Solving:  Stress period:    39    Time step:    22
 
 
    Solving:  Stress period:    39    Time step:    23
 
 
    Solving:  Stress period:    39    Time step:    24
 
 
    Solving:  Stress period:    39    Time step:    25
 
 
    Solving:  Stress period:    39    Time step:    26
 
 
    Solving:  Stress period:    39    Time step:    27
 
 
    Solving:  Stress period:    39    Time step:    28
 


 Solution SLN_1 summary
 ----------------------------------------------------------------------
 Total formulate time:  .3125000000000000E-01 seconds
 Total solution time:   .6250000000000000E-01 seconds


 MEMORY MANAGER TOTAL STORAGE BY DATA TYPE, IN MEGABYTES
 -------------------------------
                    ALLOCATED   
 DATA TYPE           MEMORY     
 -------------------------------
 Character        1.53300000E-03
 Logical          4.40000000E-05
 Integer          1.3337600     
 Real             2.7971360     
 -------------------------------
 Total            4.1324730     
 -------------------------------


 
 Run end date and time (yyyy/mm/dd hh:mm:ss): 2025/07/04 15:10:11
 Elapsed run time:  1.319 Seconds
 Normal termination of simulation.
